ARM GAS  /var/folders/0g/t37nqzqx51l7sfxbqc44l9hw0000gn/T//ccFlMDpl.s 			page 1


   1              		.cpu cortex-m3
   2              		.arch armv7-m
   3              		.fpu softvfp
   4              		.eabi_attribute 20, 1
   5              		.eabi_attribute 21, 1
   6              		.eabi_attribute 23, 3
   7              		.eabi_attribute 24, 1
   8              		.eabi_attribute 25, 1
   9              		.eabi_attribute 26, 1
  10              		.eabi_attribute 30, 1
  11              		.eabi_attribute 34, 1
  12              		.eabi_attribute 18, 4
  13              		.file	"app_main.c"
  14              		.text
  15              	.Ltext0:
  16              		.cfi_sections	.debug_frame
  17              		.file 1 "Core/Src/app_main.c"
  18              		.section	.text.app_main,"ax",%progbits
  19              		.align	1
  20              		.global	app_main
  21              		.syntax unified
  22              		.thumb
  23              		.thumb_func
  25              	app_main:
  26              	.LFB65:
   1:Core/Src/app_main.c **** #include "main.h"
   2:Core/Src/app_main.c **** #include "stm32f1xx_hal.h"
   3:Core/Src/app_main.c **** #include "ad9518.h"
   4:Core/Src/app_main.c **** 
   5:Core/Src/app_main.c **** extern ad9518_dev_t ad9518;
   6:Core/Src/app_main.c **** 
   7:Core/Src/app_main.c **** #define AD1_CLK_HZ 250000000UL   /* channel 0 */
   8:Core/Src/app_main.c **** #define AD2_CLK_HZ 250000000UL   /* channel 1 */
   9:Core/Src/app_main.c **** #define SPARE_CLK_HZ 100000000UL /* channel 2 (unused) */
  10:Core/Src/app_main.c **** 
  11:Core/Src/app_main.c **** int app_main(void)
  12:Core/Src/app_main.c **** {
  27              		.loc 1 12 1 view -0
  28              		.cfi_startproc
  29              		@ args = 0, pretend = 0, frame = 16
  30              		@ frame_needed = 0, uses_anonymous_args = 0
  31 0000 F0B5     		push	{r4, r5, r6, r7, lr}
  32              	.LCFI0:
  33              		.cfi_def_cfa_offset 20
  34              		.cfi_offset 4, -20
  35              		.cfi_offset 5, -16
  36              		.cfi_offset 6, -12
  37              		.cfi_offset 7, -8
  38              		.cfi_offset 14, -4
  39 0002 85B0     		sub	sp, sp, #20
  40              	.LCFI1:
  41              		.cfi_def_cfa_offset 40
  13:Core/Src/app_main.c ****     /* CS lines idle HIGH (CubeMX inits them low). Park both. */
  14:Core/Src/app_main.c ****     HAL_GPIO_WritePin(CS_CLK_GPIO_Port, CS_CLK_Pin, GPIO_PIN_SET);
  42              		.loc 1 14 5 view .LVU1
  43 0004 274C     		ldr	r4, .L8
  44 0006 0122     		movs	r2, #1
ARM GAS  /var/folders/0g/t37nqzqx51l7sfxbqc44l9hw0000gn/T//ccFlMDpl.s 			page 2


  45 0008 0821     		movs	r1, #8
  46 000a 2046     		mov	r0, r4
  47 000c FFF7FEFF 		bl	HAL_GPIO_WritePin
  48              	.LVL0:
  15:Core/Src/app_main.c ****     HAL_GPIO_WritePin(CS_ADC_GPIO_Port, CS_ADC_Pin, GPIO_PIN_SET);
  49              		.loc 1 15 5 view .LVU2
  50 0010 0122     		movs	r2, #1
  51 0012 1021     		movs	r1, #16
  52 0014 2046     		mov	r0, r4
  53 0016 FFF7FEFF 		bl	HAL_GPIO_WritePin
  54              	.LVL1:
  16:Core/Src/app_main.c **** 
  17:Core/Src/app_main.c ****     /* 1. Verify comms: ad9518-3 part ID should read back 0x63 */
  18:Core/Src/app_main.c ****     uint8_t part_id = 0;
  55              		.loc 1 18 5 view .LVU3
  56              		.loc 1 18 13 is_stmt 0 view .LVU4
  57 001a 0023     		movs	r3, #0
  58 001c 8DF80F30 		strb	r3, [sp, #15]
  19:Core/Src/app_main.c ****     ad9518_read_part_id(&ad9518, &part_id);
  59              		.loc 1 19 5 is_stmt 1 view .LVU5
  60 0020 0DF10F01 		add	r1, sp, #15
  61 0024 2048     		ldr	r0, .L8+4
  62 0026 FFF7FEFF 		bl	ad9518_read_part_id
  63              	.LVL2:
  20:Core/Src/app_main.c ****     int comms_ok = (part_id == 0x63);
  64              		.loc 1 20 5 view .LVU6
  65              		.loc 1 20 29 is_stmt 0 view .LVU7
  66 002a 9DF80F40 		ldrb	r4, [sp, #15]	@ zero_extendqisi2
  67              	.LVL3:
  21:Core/Src/app_main.c **** 
  22:Core/Src/app_main.c ****     if (comms_ok)
  68              		.loc 1 22 5 is_stmt 1 view .LVU8
  69              		.loc 1 22 8 is_stmt 0 view .LVU9
  70 002e 632C     		cmp	r4, #99
  71 0030 2FD1     		bne	.L4
  72              	.LBB2:
  23:Core/Src/app_main.c ****     {
  24:Core/Src/app_main.c ****         /* 2. Reset + lock PLL to 2000 MHz VCO (0 = 3-wire mode) */
  25:Core/Src/app_main.c ****         ad9518_init(&ad9518, 0);
  73              		.loc 1 25 9 is_stmt 1 view .LVU10
  74 0032 1D4D     		ldr	r5, .L8+4
  75 0034 0021     		movs	r1, #0
  76 0036 2846     		mov	r0, r5
  77 0038 FFF7FEFF 		bl	ad9518_init
  78              	.LVL4:
  26:Core/Src/app_main.c **** 
  27:Core/Src/app_main.c ****         /* 3. Set each channel's frequency */
  28:Core/Src/app_main.c ****         uint32_t g0 = 0, g1 = 0, g2 = 0;
  79              		.loc 1 28 9 view .LVU11
  80              		.loc 1 28 18 is_stmt 0 view .LVU12
  81 003c 0026     		movs	r6, #0
  82 003e 0096     		str	r6, [sp]
  83              		.loc 1 28 26 view .LVU13
  84 0040 0196     		str	r6, [sp, #4]
  85              		.loc 1 28 34 view .LVU14
  86 0042 0296     		str	r6, [sp, #8]
  29:Core/Src/app_main.c ****         ad9518_set_channel_freq(&ad9518, 0, AD1_CLK_HZ, &g0);
ARM GAS  /var/folders/0g/t37nqzqx51l7sfxbqc44l9hw0000gn/T//ccFlMDpl.s 			page 3


  87              		.loc 1 29 9 is_stmt 1 view .LVU15
  88 0044 194F     		ldr	r7, .L8+8
  89 0046 6B46     		mov	r3, sp
  90 0048 3A46     		mov	r2, r7
  91 004a 3146     		mov	r1, r6
  92 004c 2846     		mov	r0, r5
  93 004e FFF7FEFF 		bl	ad9518_set_channel_freq
  94              	.LVL5:
  30:Core/Src/app_main.c ****         ad9518_set_channel_freq(&ad9518, 1, AD2_CLK_HZ, &g1);
  95              		.loc 1 30 9 view .LVU16
  96 0052 01AB     		add	r3, sp, #4
  97 0054 3A46     		mov	r2, r7
  98 0056 0121     		movs	r1, #1
  99 0058 2846     		mov	r0, r5
 100 005a FFF7FEFF 		bl	ad9518_set_channel_freq
 101              	.LVL6:
  31:Core/Src/app_main.c ****         ad9518_set_channel_freq(&ad9518, 2, SPARE_CLK_HZ, &g2);
 102              		.loc 1 31 9 view .LVU17
 103 005e 02AB     		add	r3, sp, #8
 104 0060 134A     		ldr	r2, .L8+12
 105 0062 0221     		movs	r1, #2
 106 0064 2846     		mov	r0, r5
 107 0066 FFF7FEFF 		bl	ad9518_set_channel_freq
 108              	.LVL7:
  32:Core/Src/app_main.c **** 
  33:Core/Src/app_main.c ****         /* 4. Enable used outputs, disable spare */
  34:Core/Src/app_main.c ****         ad9518_channel_enable(&ad9518, 0, 1);
 109              		.loc 1 34 9 view .LVU18
 110 006a 0122     		movs	r2, #1
 111 006c 3146     		mov	r1, r6
 112 006e 2846     		mov	r0, r5
 113 0070 FFF7FEFF 		bl	ad9518_channel_enable
 114              	.LVL8:
  35:Core/Src/app_main.c ****         ad9518_channel_enable(&ad9518, 1, 1);
 115              		.loc 1 35 9 view .LVU19
 116 0074 0122     		movs	r2, #1
 117 0076 1146     		mov	r1, r2
 118 0078 2846     		mov	r0, r5
 119 007a FFF7FEFF 		bl	ad9518_channel_enable
 120              	.LVL9:
  36:Core/Src/app_main.c ****         ad9518_channel_enable(&ad9518, 2, 0);
 121              		.loc 1 36 9 view .LVU20
 122 007e 3246     		mov	r2, r6
 123 0080 0221     		movs	r1, #2
 124 0082 2846     		mov	r0, r5
 125 0084 FFF7FEFF 		bl	ad9518_channel_enable
 126              	.LVL10:
 127 0088 03E0     		b	.L4
 128              	.L7:
 129              	.LBE2:
  37:Core/Src/app_main.c ****     }
  38:Core/Src/app_main.c **** 
  39:Core/Src/app_main.c ****     /* 5. Heartbeat: slow blink = OK, fast blink = SPI/comms problem */
  40:Core/Src/app_main.c ****     while (1)
  41:Core/Src/app_main.c ****     {
  42:Core/Src/app_main.c ****         HAL_GPIO_TogglePin(USR1_GPIO_Port, USR1_Pin);
  43:Core/Src/app_main.c ****         HAL_Delay(comms_ok ? 1000 : 150);
ARM GAS  /var/folders/0g/t37nqzqx51l7sfxbqc44l9hw0000gn/T//ccFlMDpl.s 			page 4


 130              		.loc 1 43 9 is_stmt 0 discriminator 1 view .LVU21
 131 008a 4FF47A70 		mov	r0, #1000
 132              	.L3:
 133              		.loc 1 43 9 discriminator 4 view .LVU22
 134 008e FFF7FEFF 		bl	HAL_Delay
 135              	.LVL11:
  40:Core/Src/app_main.c ****     {
 136              		.loc 1 40 11 is_stmt 1 view .LVU23
 137              	.L4:
  40:Core/Src/app_main.c ****     {
 138              		.loc 1 40 5 view .LVU24
  42:Core/Src/app_main.c ****         HAL_Delay(comms_ok ? 1000 : 150);
 139              		.loc 1 42 9 view .LVU25
 140 0092 0121     		movs	r1, #1
 141 0094 0748     		ldr	r0, .L8+16
 142 0096 FFF7FEFF 		bl	HAL_GPIO_TogglePin
 143              	.LVL12:
 144              		.loc 1 43 9 discriminator 5 view .LVU26
 145 009a 632C     		cmp	r4, #99
 146 009c F5D0     		beq	.L7
 147              		.loc 1 43 9 is_stmt 0 discriminator 2 view .LVU27
 148 009e 9620     		movs	r0, #150
 149 00a0 F5E7     		b	.L3
 150              	.L9:
 151 00a2 00BF     		.align	2
 152              	.L8:
 153 00a4 00080140 		.word	1073809408
 154 00a8 00000000 		.word	ad9518
 155 00ac 80B2E60E 		.word	250000000
 156 00b0 00E1F505 		.word	100000000
 157 00b4 000C0140 		.word	1073810432
 158              		.cfi_endproc
 159              	.LFE65:
 161              		.text
 162              	.Letext0:
 163              		.file 2 "/Applications/ArmGNUToolchain/14.3.rel1/arm-none-eabi/arm-none-eabi/include/machine/_defa
 164              		.file 3 "/Applications/ArmGNUToolchain/14.3.rel1/arm-none-eabi/arm-none-eabi/include/sys/_stdint.h
 165              		.file 4 "Drivers/CMSIS/Device/ST/STM32F1xx/Include/stm32f103xb.h"
 166              		.file 5 "Drivers/STM32F1xx_HAL_Driver/Inc/stm32f1xx_hal_gpio.h"
 167              		.file 6 "Core/Inc/ad9518.h"
 168              		.file 7 "Drivers/STM32F1xx_HAL_Driver/Inc/stm32f1xx_hal.h"
ARM GAS  /var/folders/0g/t37nqzqx51l7sfxbqc44l9hw0000gn/T//ccFlMDpl.s 			page 5


DEFINED SYMBOLS
                            *ABS*:00000000 app_main.c
/var/folders/0g/t37nqzqx51l7sfxbqc44l9hw0000gn/T//ccFlMDpl.s:19     .text.app_main:00000000 $t
/var/folders/0g/t37nqzqx51l7sfxbqc44l9hw0000gn/T//ccFlMDpl.s:25     .text.app_main:00000000 app_main
/var/folders/0g/t37nqzqx51l7sfxbqc44l9hw0000gn/T//ccFlMDpl.s:153    .text.app_main:000000a4 $d

UNDEFINED SYMBOLS
HAL_GPIO_WritePin
ad9518_read_part_id
ad9518_init
ad9518_set_channel_freq
ad9518_channel_enable
HAL_Delay
HAL_GPIO_TogglePin
ad9518
