ARM GAS  /var/folders/0g/t37nqzqx51l7sfxbqc44l9hw0000gn/T//cc9srYd1.s 			page 1


   1              		.cpu cortex-m3
   2              		.arch armv7-m
   3              		.fpu softvfp
   4              		.eabi_attribute 20, 1
   5              		.eabi_attribute 21, 1
   6              		.eabi_attribute 23, 3
   7              		.eabi_attribute 24, 1
   8              		.eabi_attribute 25, 1
   9              		.eabi_attribute 26, 1
  10              		.eabi_attribute 30, 1
  11              		.eabi_attribute 34, 1
  12              		.eabi_attribute 18, 4
  13              		.file	"stm32f1xx_hal_msp.c"
  14              		.text
  15              	.Ltext0:
  16              		.cfi_sections	.debug_frame
  17              		.file 1 "Core/Src/stm32f1xx_hal_msp.c"
  18              		.section	.text.HAL_MspInit,"ax",%progbits
  19              		.align	1
  20              		.global	HAL_MspInit
  21              		.syntax unified
  22              		.thumb
  23              		.thumb_func
  25              	HAL_MspInit:
  26              	.LFB65:
   1:Core/Src/stm32f1xx_hal_msp.c **** /* USER CODE BEGIN Header */
   2:Core/Src/stm32f1xx_hal_msp.c **** /**
   3:Core/Src/stm32f1xx_hal_msp.c ****   ******************************************************************************
   4:Core/Src/stm32f1xx_hal_msp.c ****   * @file         stm32f1xx_hal_msp.c
   5:Core/Src/stm32f1xx_hal_msp.c ****   * @brief        This file provides code for the MSP Initialization
   6:Core/Src/stm32f1xx_hal_msp.c ****   *               and de-Initialization codes.
   7:Core/Src/stm32f1xx_hal_msp.c ****   ******************************************************************************
   8:Core/Src/stm32f1xx_hal_msp.c ****   * @attention
   9:Core/Src/stm32f1xx_hal_msp.c ****   *
  10:Core/Src/stm32f1xx_hal_msp.c ****   * Copyright (c) 2026 STMicroelectronics.
  11:Core/Src/stm32f1xx_hal_msp.c ****   * All rights reserved.
  12:Core/Src/stm32f1xx_hal_msp.c ****   *
  13:Core/Src/stm32f1xx_hal_msp.c ****   * This software is licensed under terms that can be found in the LICENSE file
  14:Core/Src/stm32f1xx_hal_msp.c ****   * in the root directory of this software component.
  15:Core/Src/stm32f1xx_hal_msp.c ****   * If no LICENSE file comes with this software, it is provided AS-IS.
  16:Core/Src/stm32f1xx_hal_msp.c ****   *
  17:Core/Src/stm32f1xx_hal_msp.c ****   ******************************************************************************
  18:Core/Src/stm32f1xx_hal_msp.c ****   */
  19:Core/Src/stm32f1xx_hal_msp.c **** /* USER CODE END Header */
  20:Core/Src/stm32f1xx_hal_msp.c **** /* Includes ------------------------------------------------------------------*/
  21:Core/Src/stm32f1xx_hal_msp.c **** #include "main.h"
  22:Core/Src/stm32f1xx_hal_msp.c **** /* USER CODE BEGIN Includes */
  23:Core/Src/stm32f1xx_hal_msp.c **** 
  24:Core/Src/stm32f1xx_hal_msp.c **** /* USER CODE END Includes */
  25:Core/Src/stm32f1xx_hal_msp.c **** 
  26:Core/Src/stm32f1xx_hal_msp.c **** /* Private typedef -----------------------------------------------------------*/
  27:Core/Src/stm32f1xx_hal_msp.c **** /* USER CODE BEGIN TD */
  28:Core/Src/stm32f1xx_hal_msp.c **** 
  29:Core/Src/stm32f1xx_hal_msp.c **** /* USER CODE END TD */
  30:Core/Src/stm32f1xx_hal_msp.c **** 
  31:Core/Src/stm32f1xx_hal_msp.c **** /* Private define ------------------------------------------------------------*/
  32:Core/Src/stm32f1xx_hal_msp.c **** /* USER CODE BEGIN Define */
ARM GAS  /var/folders/0g/t37nqzqx51l7sfxbqc44l9hw0000gn/T//cc9srYd1.s 			page 2


  33:Core/Src/stm32f1xx_hal_msp.c **** 
  34:Core/Src/stm32f1xx_hal_msp.c **** /* USER CODE END Define */
  35:Core/Src/stm32f1xx_hal_msp.c **** 
  36:Core/Src/stm32f1xx_hal_msp.c **** /* Private macro -------------------------------------------------------------*/
  37:Core/Src/stm32f1xx_hal_msp.c **** /* USER CODE BEGIN Macro */
  38:Core/Src/stm32f1xx_hal_msp.c **** 
  39:Core/Src/stm32f1xx_hal_msp.c **** /* USER CODE END Macro */
  40:Core/Src/stm32f1xx_hal_msp.c **** 
  41:Core/Src/stm32f1xx_hal_msp.c **** /* Private variables ---------------------------------------------------------*/
  42:Core/Src/stm32f1xx_hal_msp.c **** /* USER CODE BEGIN PV */
  43:Core/Src/stm32f1xx_hal_msp.c **** 
  44:Core/Src/stm32f1xx_hal_msp.c **** /* USER CODE END PV */
  45:Core/Src/stm32f1xx_hal_msp.c **** 
  46:Core/Src/stm32f1xx_hal_msp.c **** /* Private function prototypes -----------------------------------------------*/
  47:Core/Src/stm32f1xx_hal_msp.c **** /* USER CODE BEGIN PFP */
  48:Core/Src/stm32f1xx_hal_msp.c **** 
  49:Core/Src/stm32f1xx_hal_msp.c **** /* USER CODE END PFP */
  50:Core/Src/stm32f1xx_hal_msp.c **** 
  51:Core/Src/stm32f1xx_hal_msp.c **** /* External functions --------------------------------------------------------*/
  52:Core/Src/stm32f1xx_hal_msp.c **** /* USER CODE BEGIN ExternalFunctions */
  53:Core/Src/stm32f1xx_hal_msp.c **** 
  54:Core/Src/stm32f1xx_hal_msp.c **** /* USER CODE END ExternalFunctions */
  55:Core/Src/stm32f1xx_hal_msp.c **** 
  56:Core/Src/stm32f1xx_hal_msp.c **** /* USER CODE BEGIN 0 */
  57:Core/Src/stm32f1xx_hal_msp.c **** 
  58:Core/Src/stm32f1xx_hal_msp.c **** /* USER CODE END 0 */
  59:Core/Src/stm32f1xx_hal_msp.c **** /**
  60:Core/Src/stm32f1xx_hal_msp.c ****   * Initializes the Global MSP.
  61:Core/Src/stm32f1xx_hal_msp.c ****   */
  62:Core/Src/stm32f1xx_hal_msp.c **** void HAL_MspInit(void)
  63:Core/Src/stm32f1xx_hal_msp.c **** {
  27              		.loc 1 63 1 view -0
  28              		.cfi_startproc
  29              		@ args = 0, pretend = 0, frame = 8
  30              		@ frame_needed = 0, uses_anonymous_args = 0
  31              		@ link register save eliminated.
  32 0000 82B0     		sub	sp, sp, #8
  33              	.LCFI0:
  34              		.cfi_def_cfa_offset 8
  64:Core/Src/stm32f1xx_hal_msp.c **** 
  65:Core/Src/stm32f1xx_hal_msp.c ****   /* USER CODE BEGIN MspInit 0 */
  66:Core/Src/stm32f1xx_hal_msp.c **** 
  67:Core/Src/stm32f1xx_hal_msp.c ****   /* USER CODE END MspInit 0 */
  68:Core/Src/stm32f1xx_hal_msp.c **** 
  69:Core/Src/stm32f1xx_hal_msp.c ****   __HAL_RCC_AFIO_CLK_ENABLE();
  35              		.loc 1 69 3 view .LVU1
  36              	.LBB2:
  37              		.loc 1 69 3 view .LVU2
  38              		.loc 1 69 3 view .LVU3
  39 0002 0E4B     		ldr	r3, .L3
  40 0004 9A69     		ldr	r2, [r3, #24]
  41 0006 42F00102 		orr	r2, r2, #1
  42 000a 9A61     		str	r2, [r3, #24]
  43              		.loc 1 69 3 view .LVU4
  44 000c 9A69     		ldr	r2, [r3, #24]
  45 000e 02F00102 		and	r2, r2, #1
  46 0012 0092     		str	r2, [sp]
ARM GAS  /var/folders/0g/t37nqzqx51l7sfxbqc44l9hw0000gn/T//cc9srYd1.s 			page 3


  47              		.loc 1 69 3 view .LVU5
  48 0014 009A     		ldr	r2, [sp]
  49              	.LBE2:
  50              		.loc 1 69 3 view .LVU6
  70:Core/Src/stm32f1xx_hal_msp.c ****   __HAL_RCC_PWR_CLK_ENABLE();
  51              		.loc 1 70 3 view .LVU7
  52              	.LBB3:
  53              		.loc 1 70 3 view .LVU8
  54              		.loc 1 70 3 view .LVU9
  55 0016 DA69     		ldr	r2, [r3, #28]
  56 0018 42F08052 		orr	r2, r2, #268435456
  57 001c DA61     		str	r2, [r3, #28]
  58              		.loc 1 70 3 view .LVU10
  59 001e DB69     		ldr	r3, [r3, #28]
  60 0020 03F08053 		and	r3, r3, #268435456
  61 0024 0193     		str	r3, [sp, #4]
  62              		.loc 1 70 3 view .LVU11
  63 0026 019B     		ldr	r3, [sp, #4]
  64              	.LBE3:
  65              		.loc 1 70 3 view .LVU12
  71:Core/Src/stm32f1xx_hal_msp.c **** 
  72:Core/Src/stm32f1xx_hal_msp.c ****   /* System interrupt init*/
  73:Core/Src/stm32f1xx_hal_msp.c **** 
  74:Core/Src/stm32f1xx_hal_msp.c ****   /** DISABLE: JTAG-DP Disabled and SW-DP Disabled
  75:Core/Src/stm32f1xx_hal_msp.c ****   */
  76:Core/Src/stm32f1xx_hal_msp.c ****   __HAL_AFIO_REMAP_SWJ_DISABLE();
  66              		.loc 1 76 3 view .LVU13
  67              	.LBB4:
  68              		.loc 1 76 3 view .LVU14
  69 0028 054A     		ldr	r2, .L3+4
  70 002a 5368     		ldr	r3, [r2, #4]
  71              	.LVL0:
  72              		.loc 1 76 3 view .LVU15
  73 002c 23F0E063 		bic	r3, r3, #117440512
  74              	.LVL1:
  75              		.loc 1 76 3 view .LVU16
  76 0030 43F08063 		orr	r3, r3, #67108864
  77              	.LVL2:
  78              		.loc 1 76 3 view .LVU17
  79 0034 5360     		str	r3, [r2, #4]
  80              	.LBE4:
  81              		.loc 1 76 3 view .LVU18
  77:Core/Src/stm32f1xx_hal_msp.c **** 
  78:Core/Src/stm32f1xx_hal_msp.c ****   /* USER CODE BEGIN MspInit 1 */
  79:Core/Src/stm32f1xx_hal_msp.c **** 
  80:Core/Src/stm32f1xx_hal_msp.c ****   /* USER CODE END MspInit 1 */
  81:Core/Src/stm32f1xx_hal_msp.c **** }
  82              		.loc 1 81 1 is_stmt 0 view .LVU19
  83 0036 02B0     		add	sp, sp, #8
  84              	.LCFI1:
  85              		.cfi_def_cfa_offset 0
  86              		@ sp needed
  87 0038 7047     		bx	lr
  88              	.L4:
  89 003a 00BF     		.align	2
  90              	.L3:
  91 003c 00100240 		.word	1073876992
ARM GAS  /var/folders/0g/t37nqzqx51l7sfxbqc44l9hw0000gn/T//cc9srYd1.s 			page 4


  92 0040 00000140 		.word	1073807360
  93              		.cfi_endproc
  94              	.LFE65:
  96              		.section	.text.HAL_SPI_MspInit,"ax",%progbits
  97              		.align	1
  98              		.global	HAL_SPI_MspInit
  99              		.syntax unified
 100              		.thumb
 101              		.thumb_func
 103              	HAL_SPI_MspInit:
 104              	.LVL3:
 105              	.LFB66:
  82:Core/Src/stm32f1xx_hal_msp.c **** 
  83:Core/Src/stm32f1xx_hal_msp.c **** /**
  84:Core/Src/stm32f1xx_hal_msp.c ****   * @brief SPI MSP Initialization
  85:Core/Src/stm32f1xx_hal_msp.c ****   * This function configures the hardware resources used in this example
  86:Core/Src/stm32f1xx_hal_msp.c ****   * @param hspi: SPI handle pointer
  87:Core/Src/stm32f1xx_hal_msp.c ****   * @retval None
  88:Core/Src/stm32f1xx_hal_msp.c ****   */
  89:Core/Src/stm32f1xx_hal_msp.c **** void HAL_SPI_MspInit(SPI_HandleTypeDef* hspi)
  90:Core/Src/stm32f1xx_hal_msp.c **** {
 106              		.loc 1 90 1 is_stmt 1 view -0
 107              		.cfi_startproc
 108              		@ args = 0, pretend = 0, frame = 24
 109              		@ frame_needed = 0, uses_anonymous_args = 0
 110              		.loc 1 90 1 is_stmt 0 view .LVU21
 111 0000 00B5     		push	{lr}
 112              	.LCFI2:
 113              		.cfi_def_cfa_offset 4
 114              		.cfi_offset 14, -4
 115 0002 87B0     		sub	sp, sp, #28
 116              	.LCFI3:
 117              		.cfi_def_cfa_offset 32
  91:Core/Src/stm32f1xx_hal_msp.c ****   GPIO_InitTypeDef GPIO_InitStruct = {0};
 118              		.loc 1 91 3 is_stmt 1 view .LVU22
 119              		.loc 1 91 20 is_stmt 0 view .LVU23
 120 0004 0023     		movs	r3, #0
 121 0006 0293     		str	r3, [sp, #8]
 122 0008 0393     		str	r3, [sp, #12]
 123 000a 0493     		str	r3, [sp, #16]
 124 000c 0593     		str	r3, [sp, #20]
  92:Core/Src/stm32f1xx_hal_msp.c ****   if(hspi->Instance==SPI1)
 125              		.loc 1 92 3 is_stmt 1 view .LVU24
 126              		.loc 1 92 10 is_stmt 0 view .LVU25
 127 000e 0268     		ldr	r2, [r0]
 128              		.loc 1 92 5 view .LVU26
 129 0010 124B     		ldr	r3, .L9
 130 0012 9A42     		cmp	r2, r3
 131 0014 02D0     		beq	.L8
 132              	.LVL4:
 133              	.L5:
  93:Core/Src/stm32f1xx_hal_msp.c ****   {
  94:Core/Src/stm32f1xx_hal_msp.c ****     /* USER CODE BEGIN SPI1_MspInit 0 */
  95:Core/Src/stm32f1xx_hal_msp.c **** 
  96:Core/Src/stm32f1xx_hal_msp.c ****     /* USER CODE END SPI1_MspInit 0 */
  97:Core/Src/stm32f1xx_hal_msp.c ****     /* Peripheral clock enable */
  98:Core/Src/stm32f1xx_hal_msp.c ****     __HAL_RCC_SPI1_CLK_ENABLE();
ARM GAS  /var/folders/0g/t37nqzqx51l7sfxbqc44l9hw0000gn/T//cc9srYd1.s 			page 5


  99:Core/Src/stm32f1xx_hal_msp.c **** 
 100:Core/Src/stm32f1xx_hal_msp.c ****     __HAL_RCC_GPIOA_CLK_ENABLE();
 101:Core/Src/stm32f1xx_hal_msp.c ****     /**SPI1 GPIO Configuration
 102:Core/Src/stm32f1xx_hal_msp.c ****     PA5     ------> SPI1_SCK
 103:Core/Src/stm32f1xx_hal_msp.c ****     PA7     ------> SPI1_MOSI
 104:Core/Src/stm32f1xx_hal_msp.c ****     */
 105:Core/Src/stm32f1xx_hal_msp.c ****     GPIO_InitStruct.Pin = GPIO_PIN_5|GPIO_PIN_7;
 106:Core/Src/stm32f1xx_hal_msp.c ****     GPIO_InitStruct.Mode = GPIO_MODE_AF_PP;
 107:Core/Src/stm32f1xx_hal_msp.c ****     GPIO_InitStruct.Speed = GPIO_SPEED_FREQ_HIGH;
 108:Core/Src/stm32f1xx_hal_msp.c ****     HAL_GPIO_Init(GPIOA, &GPIO_InitStruct);
 109:Core/Src/stm32f1xx_hal_msp.c **** 
 110:Core/Src/stm32f1xx_hal_msp.c ****     /* USER CODE BEGIN SPI1_MspInit 1 */
 111:Core/Src/stm32f1xx_hal_msp.c **** 
 112:Core/Src/stm32f1xx_hal_msp.c ****     /* USER CODE END SPI1_MspInit 1 */
 113:Core/Src/stm32f1xx_hal_msp.c **** 
 114:Core/Src/stm32f1xx_hal_msp.c ****   }
 115:Core/Src/stm32f1xx_hal_msp.c **** 
 116:Core/Src/stm32f1xx_hal_msp.c **** }
 134              		.loc 1 116 1 view .LVU27
 135 0016 07B0     		add	sp, sp, #28
 136              	.LCFI4:
 137              		.cfi_remember_state
 138              		.cfi_def_cfa_offset 4
 139              		@ sp needed
 140 0018 5DF804FB 		ldr	pc, [sp], #4
 141              	.LVL5:
 142              	.L8:
 143              	.LCFI5:
 144              		.cfi_restore_state
  98:Core/Src/stm32f1xx_hal_msp.c **** 
 145              		.loc 1 98 5 is_stmt 1 view .LVU28
 146              	.LBB5:
  98:Core/Src/stm32f1xx_hal_msp.c **** 
 147              		.loc 1 98 5 view .LVU29
  98:Core/Src/stm32f1xx_hal_msp.c **** 
 148              		.loc 1 98 5 view .LVU30
 149 001c 03F56043 		add	r3, r3, #57344
 150 0020 9A69     		ldr	r2, [r3, #24]
 151 0022 42F48052 		orr	r2, r2, #4096
 152 0026 9A61     		str	r2, [r3, #24]
  98:Core/Src/stm32f1xx_hal_msp.c **** 
 153              		.loc 1 98 5 view .LVU31
 154 0028 9A69     		ldr	r2, [r3, #24]
 155 002a 02F48052 		and	r2, r2, #4096
 156 002e 0092     		str	r2, [sp]
  98:Core/Src/stm32f1xx_hal_msp.c **** 
 157              		.loc 1 98 5 view .LVU32
 158 0030 009A     		ldr	r2, [sp]
 159              	.LBE5:
  98:Core/Src/stm32f1xx_hal_msp.c **** 
 160              		.loc 1 98 5 view .LVU33
 100:Core/Src/stm32f1xx_hal_msp.c ****     /**SPI1 GPIO Configuration
 161              		.loc 1 100 5 view .LVU34
 162              	.LBB6:
 100:Core/Src/stm32f1xx_hal_msp.c ****     /**SPI1 GPIO Configuration
 163              		.loc 1 100 5 view .LVU35
 100:Core/Src/stm32f1xx_hal_msp.c ****     /**SPI1 GPIO Configuration
ARM GAS  /var/folders/0g/t37nqzqx51l7sfxbqc44l9hw0000gn/T//cc9srYd1.s 			page 6


 164              		.loc 1 100 5 view .LVU36
 165 0032 9A69     		ldr	r2, [r3, #24]
 166 0034 42F00402 		orr	r2, r2, #4
 167 0038 9A61     		str	r2, [r3, #24]
 100:Core/Src/stm32f1xx_hal_msp.c ****     /**SPI1 GPIO Configuration
 168              		.loc 1 100 5 view .LVU37
 169 003a 9B69     		ldr	r3, [r3, #24]
 170 003c 03F00403 		and	r3, r3, #4
 171 0040 0193     		str	r3, [sp, #4]
 100:Core/Src/stm32f1xx_hal_msp.c ****     /**SPI1 GPIO Configuration
 172              		.loc 1 100 5 view .LVU38
 173 0042 019B     		ldr	r3, [sp, #4]
 174              	.LBE6:
 100:Core/Src/stm32f1xx_hal_msp.c ****     /**SPI1 GPIO Configuration
 175              		.loc 1 100 5 view .LVU39
 105:Core/Src/stm32f1xx_hal_msp.c ****     GPIO_InitStruct.Mode = GPIO_MODE_AF_PP;
 176              		.loc 1 105 5 view .LVU40
 105:Core/Src/stm32f1xx_hal_msp.c ****     GPIO_InitStruct.Mode = GPIO_MODE_AF_PP;
 177              		.loc 1 105 25 is_stmt 0 view .LVU41
 178 0044 A023     		movs	r3, #160
 179 0046 0293     		str	r3, [sp, #8]
 106:Core/Src/stm32f1xx_hal_msp.c ****     GPIO_InitStruct.Speed = GPIO_SPEED_FREQ_HIGH;
 180              		.loc 1 106 5 is_stmt 1 view .LVU42
 106:Core/Src/stm32f1xx_hal_msp.c ****     GPIO_InitStruct.Speed = GPIO_SPEED_FREQ_HIGH;
 181              		.loc 1 106 26 is_stmt 0 view .LVU43
 182 0048 0223     		movs	r3, #2
 183 004a 0393     		str	r3, [sp, #12]
 107:Core/Src/stm32f1xx_hal_msp.c ****     HAL_GPIO_Init(GPIOA, &GPIO_InitStruct);
 184              		.loc 1 107 5 is_stmt 1 view .LVU44
 107:Core/Src/stm32f1xx_hal_msp.c ****     HAL_GPIO_Init(GPIOA, &GPIO_InitStruct);
 185              		.loc 1 107 27 is_stmt 0 view .LVU45
 186 004c 0323     		movs	r3, #3
 187 004e 0593     		str	r3, [sp, #20]
 108:Core/Src/stm32f1xx_hal_msp.c **** 
 188              		.loc 1 108 5 is_stmt 1 view .LVU46
 189 0050 02A9     		add	r1, sp, #8
 190 0052 0348     		ldr	r0, .L9+4
 191              	.LVL6:
 108:Core/Src/stm32f1xx_hal_msp.c **** 
 192              		.loc 1 108 5 is_stmt 0 view .LVU47
 193 0054 FFF7FEFF 		bl	HAL_GPIO_Init
 194              	.LVL7:
 195              		.loc 1 116 1 view .LVU48
 196 0058 DDE7     		b	.L5
 197              	.L10:
 198 005a 00BF     		.align	2
 199              	.L9:
 200 005c 00300140 		.word	1073819648
 201 0060 00080140 		.word	1073809408
 202              		.cfi_endproc
 203              	.LFE66:
 205              		.section	.text.HAL_SPI_MspDeInit,"ax",%progbits
 206              		.align	1
 207              		.global	HAL_SPI_MspDeInit
 208              		.syntax unified
 209              		.thumb
 210              		.thumb_func
ARM GAS  /var/folders/0g/t37nqzqx51l7sfxbqc44l9hw0000gn/T//cc9srYd1.s 			page 7


 212              	HAL_SPI_MspDeInit:
 213              	.LVL8:
 214              	.LFB67:
 117:Core/Src/stm32f1xx_hal_msp.c **** 
 118:Core/Src/stm32f1xx_hal_msp.c **** /**
 119:Core/Src/stm32f1xx_hal_msp.c ****   * @brief SPI MSP De-Initialization
 120:Core/Src/stm32f1xx_hal_msp.c ****   * This function freeze the hardware resources used in this example
 121:Core/Src/stm32f1xx_hal_msp.c ****   * @param hspi: SPI handle pointer
 122:Core/Src/stm32f1xx_hal_msp.c ****   * @retval None
 123:Core/Src/stm32f1xx_hal_msp.c ****   */
 124:Core/Src/stm32f1xx_hal_msp.c **** void HAL_SPI_MspDeInit(SPI_HandleTypeDef* hspi)
 125:Core/Src/stm32f1xx_hal_msp.c **** {
 215              		.loc 1 125 1 is_stmt 1 view -0
 216              		.cfi_startproc
 217              		@ args = 0, pretend = 0, frame = 0
 218              		@ frame_needed = 0, uses_anonymous_args = 0
 219              		.loc 1 125 1 is_stmt 0 view .LVU50
 220 0000 08B5     		push	{r3, lr}
 221              	.LCFI6:
 222              		.cfi_def_cfa_offset 8
 223              		.cfi_offset 3, -8
 224              		.cfi_offset 14, -4
 126:Core/Src/stm32f1xx_hal_msp.c ****   if(hspi->Instance==SPI1)
 225              		.loc 1 126 3 is_stmt 1 view .LVU51
 226              		.loc 1 126 10 is_stmt 0 view .LVU52
 227 0002 0268     		ldr	r2, [r0]
 228              		.loc 1 126 5 view .LVU53
 229 0004 064B     		ldr	r3, .L15
 230 0006 9A42     		cmp	r2, r3
 231 0008 00D0     		beq	.L14
 232              	.LVL9:
 233              	.L11:
 127:Core/Src/stm32f1xx_hal_msp.c ****   {
 128:Core/Src/stm32f1xx_hal_msp.c ****     /* USER CODE BEGIN SPI1_MspDeInit 0 */
 129:Core/Src/stm32f1xx_hal_msp.c **** 
 130:Core/Src/stm32f1xx_hal_msp.c ****     /* USER CODE END SPI1_MspDeInit 0 */
 131:Core/Src/stm32f1xx_hal_msp.c ****     /* Peripheral clock disable */
 132:Core/Src/stm32f1xx_hal_msp.c ****     __HAL_RCC_SPI1_CLK_DISABLE();
 133:Core/Src/stm32f1xx_hal_msp.c **** 
 134:Core/Src/stm32f1xx_hal_msp.c ****     /**SPI1 GPIO Configuration
 135:Core/Src/stm32f1xx_hal_msp.c ****     PA5     ------> SPI1_SCK
 136:Core/Src/stm32f1xx_hal_msp.c ****     PA7     ------> SPI1_MOSI
 137:Core/Src/stm32f1xx_hal_msp.c ****     */
 138:Core/Src/stm32f1xx_hal_msp.c ****     HAL_GPIO_DeInit(GPIOA, GPIO_PIN_5|GPIO_PIN_7);
 139:Core/Src/stm32f1xx_hal_msp.c **** 
 140:Core/Src/stm32f1xx_hal_msp.c ****     /* USER CODE BEGIN SPI1_MspDeInit 1 */
 141:Core/Src/stm32f1xx_hal_msp.c **** 
 142:Core/Src/stm32f1xx_hal_msp.c ****     /* USER CODE END SPI1_MspDeInit 1 */
 143:Core/Src/stm32f1xx_hal_msp.c ****   }
 144:Core/Src/stm32f1xx_hal_msp.c **** 
 145:Core/Src/stm32f1xx_hal_msp.c **** }
 234              		.loc 1 145 1 view .LVU54
 235 000a 08BD     		pop	{r3, pc}
 236              	.LVL10:
 237              	.L14:
 132:Core/Src/stm32f1xx_hal_msp.c **** 
 238              		.loc 1 132 5 is_stmt 1 view .LVU55
ARM GAS  /var/folders/0g/t37nqzqx51l7sfxbqc44l9hw0000gn/T//cc9srYd1.s 			page 8


 239 000c 054A     		ldr	r2, .L15+4
 240 000e 9369     		ldr	r3, [r2, #24]
 241 0010 23F48053 		bic	r3, r3, #4096
 242 0014 9361     		str	r3, [r2, #24]
 138:Core/Src/stm32f1xx_hal_msp.c **** 
 243              		.loc 1 138 5 view .LVU56
 244 0016 A021     		movs	r1, #160
 245 0018 0348     		ldr	r0, .L15+8
 246              	.LVL11:
 138:Core/Src/stm32f1xx_hal_msp.c **** 
 247              		.loc 1 138 5 is_stmt 0 view .LVU57
 248 001a FFF7FEFF 		bl	HAL_GPIO_DeInit
 249              	.LVL12:
 250              		.loc 1 145 1 view .LVU58
 251 001e F4E7     		b	.L11
 252              	.L16:
 253              		.align	2
 254              	.L15:
 255 0020 00300140 		.word	1073819648
 256 0024 00100240 		.word	1073876992
 257 0028 00080140 		.word	1073809408
 258              		.cfi_endproc
 259              	.LFE67:
 261              		.section	.text.HAL_UART_MspInit,"ax",%progbits
 262              		.align	1
 263              		.global	HAL_UART_MspInit
 264              		.syntax unified
 265              		.thumb
 266              		.thumb_func
 268              	HAL_UART_MspInit:
 269              	.LVL13:
 270              	.LFB68:
 146:Core/Src/stm32f1xx_hal_msp.c **** 
 147:Core/Src/stm32f1xx_hal_msp.c **** /**
 148:Core/Src/stm32f1xx_hal_msp.c ****   * @brief UART MSP Initialization
 149:Core/Src/stm32f1xx_hal_msp.c ****   * This function configures the hardware resources used in this example
 150:Core/Src/stm32f1xx_hal_msp.c ****   * @param huart: UART handle pointer
 151:Core/Src/stm32f1xx_hal_msp.c ****   * @retval None
 152:Core/Src/stm32f1xx_hal_msp.c ****   */
 153:Core/Src/stm32f1xx_hal_msp.c **** void HAL_UART_MspInit(UART_HandleTypeDef* huart)
 154:Core/Src/stm32f1xx_hal_msp.c **** {
 271              		.loc 1 154 1 is_stmt 1 view -0
 272              		.cfi_startproc
 273              		@ args = 0, pretend = 0, frame = 24
 274              		@ frame_needed = 0, uses_anonymous_args = 0
 275              		.loc 1 154 1 is_stmt 0 view .LVU60
 276 0000 30B5     		push	{r4, r5, lr}
 277              	.LCFI7:
 278              		.cfi_def_cfa_offset 12
 279              		.cfi_offset 4, -12
 280              		.cfi_offset 5, -8
 281              		.cfi_offset 14, -4
 282 0002 87B0     		sub	sp, sp, #28
 283              	.LCFI8:
 284              		.cfi_def_cfa_offset 40
 155:Core/Src/stm32f1xx_hal_msp.c ****   GPIO_InitTypeDef GPIO_InitStruct = {0};
 285              		.loc 1 155 3 is_stmt 1 view .LVU61
ARM GAS  /var/folders/0g/t37nqzqx51l7sfxbqc44l9hw0000gn/T//cc9srYd1.s 			page 9


 286              		.loc 1 155 20 is_stmt 0 view .LVU62
 287 0004 0023     		movs	r3, #0
 288 0006 0293     		str	r3, [sp, #8]
 289 0008 0393     		str	r3, [sp, #12]
 290 000a 0493     		str	r3, [sp, #16]
 291 000c 0593     		str	r3, [sp, #20]
 156:Core/Src/stm32f1xx_hal_msp.c ****   if(huart->Instance==USART1)
 292              		.loc 1 156 3 is_stmt 1 view .LVU63
 293              		.loc 1 156 11 is_stmt 0 view .LVU64
 294 000e 0268     		ldr	r2, [r0]
 295              		.loc 1 156 5 view .LVU65
 296 0010 184B     		ldr	r3, .L21
 297 0012 9A42     		cmp	r2, r3
 298 0014 01D0     		beq	.L20
 299              	.LVL14:
 300              	.L17:
 157:Core/Src/stm32f1xx_hal_msp.c ****   {
 158:Core/Src/stm32f1xx_hal_msp.c ****     /* USER CODE BEGIN USART1_MspInit 0 */
 159:Core/Src/stm32f1xx_hal_msp.c **** 
 160:Core/Src/stm32f1xx_hal_msp.c ****     /* USER CODE END USART1_MspInit 0 */
 161:Core/Src/stm32f1xx_hal_msp.c ****     /* Peripheral clock enable */
 162:Core/Src/stm32f1xx_hal_msp.c ****     __HAL_RCC_USART1_CLK_ENABLE();
 163:Core/Src/stm32f1xx_hal_msp.c **** 
 164:Core/Src/stm32f1xx_hal_msp.c ****     __HAL_RCC_GPIOA_CLK_ENABLE();
 165:Core/Src/stm32f1xx_hal_msp.c ****     /**USART1 GPIO Configuration
 166:Core/Src/stm32f1xx_hal_msp.c ****     PA9     ------> USART1_TX
 167:Core/Src/stm32f1xx_hal_msp.c ****     PA10     ------> USART1_RX
 168:Core/Src/stm32f1xx_hal_msp.c ****     */
 169:Core/Src/stm32f1xx_hal_msp.c ****     GPIO_InitStruct.Pin = GPIO_PIN_9;
 170:Core/Src/stm32f1xx_hal_msp.c ****     GPIO_InitStruct.Mode = GPIO_MODE_AF_PP;
 171:Core/Src/stm32f1xx_hal_msp.c ****     GPIO_InitStruct.Speed = GPIO_SPEED_FREQ_HIGH;
 172:Core/Src/stm32f1xx_hal_msp.c ****     HAL_GPIO_Init(GPIOA, &GPIO_InitStruct);
 173:Core/Src/stm32f1xx_hal_msp.c **** 
 174:Core/Src/stm32f1xx_hal_msp.c ****     GPIO_InitStruct.Pin = GPIO_PIN_10;
 175:Core/Src/stm32f1xx_hal_msp.c ****     GPIO_InitStruct.Mode = GPIO_MODE_INPUT;
 176:Core/Src/stm32f1xx_hal_msp.c ****     GPIO_InitStruct.Pull = GPIO_NOPULL;
 177:Core/Src/stm32f1xx_hal_msp.c ****     HAL_GPIO_Init(GPIOA, &GPIO_InitStruct);
 178:Core/Src/stm32f1xx_hal_msp.c **** 
 179:Core/Src/stm32f1xx_hal_msp.c ****     /* USER CODE BEGIN USART1_MspInit 1 */
 180:Core/Src/stm32f1xx_hal_msp.c **** 
 181:Core/Src/stm32f1xx_hal_msp.c ****     /* USER CODE END USART1_MspInit 1 */
 182:Core/Src/stm32f1xx_hal_msp.c **** 
 183:Core/Src/stm32f1xx_hal_msp.c ****   }
 184:Core/Src/stm32f1xx_hal_msp.c **** 
 185:Core/Src/stm32f1xx_hal_msp.c **** }
 301              		.loc 1 185 1 view .LVU66
 302 0016 07B0     		add	sp, sp, #28
 303              	.LCFI9:
 304              		.cfi_remember_state
 305              		.cfi_def_cfa_offset 12
 306              		@ sp needed
 307 0018 30BD     		pop	{r4, r5, pc}
 308              	.LVL15:
 309              	.L20:
 310              	.LCFI10:
 311              		.cfi_restore_state
 162:Core/Src/stm32f1xx_hal_msp.c **** 
ARM GAS  /var/folders/0g/t37nqzqx51l7sfxbqc44l9hw0000gn/T//cc9srYd1.s 			page 10


 312              		.loc 1 162 5 is_stmt 1 view .LVU67
 313              	.LBB7:
 162:Core/Src/stm32f1xx_hal_msp.c **** 
 314              		.loc 1 162 5 view .LVU68
 162:Core/Src/stm32f1xx_hal_msp.c **** 
 315              		.loc 1 162 5 view .LVU69
 316 001a 03F55843 		add	r3, r3, #55296
 317 001e 9A69     		ldr	r2, [r3, #24]
 318 0020 42F48042 		orr	r2, r2, #16384
 319 0024 9A61     		str	r2, [r3, #24]
 162:Core/Src/stm32f1xx_hal_msp.c **** 
 320              		.loc 1 162 5 view .LVU70
 321 0026 9A69     		ldr	r2, [r3, #24]
 322 0028 02F48042 		and	r2, r2, #16384
 323 002c 0092     		str	r2, [sp]
 162:Core/Src/stm32f1xx_hal_msp.c **** 
 324              		.loc 1 162 5 view .LVU71
 325 002e 009A     		ldr	r2, [sp]
 326              	.LBE7:
 162:Core/Src/stm32f1xx_hal_msp.c **** 
 327              		.loc 1 162 5 view .LVU72
 164:Core/Src/stm32f1xx_hal_msp.c ****     /**USART1 GPIO Configuration
 328              		.loc 1 164 5 view .LVU73
 329              	.LBB8:
 164:Core/Src/stm32f1xx_hal_msp.c ****     /**USART1 GPIO Configuration
 330              		.loc 1 164 5 view .LVU74
 164:Core/Src/stm32f1xx_hal_msp.c ****     /**USART1 GPIO Configuration
 331              		.loc 1 164 5 view .LVU75
 332 0030 9A69     		ldr	r2, [r3, #24]
 333 0032 42F00402 		orr	r2, r2, #4
 334 0036 9A61     		str	r2, [r3, #24]
 164:Core/Src/stm32f1xx_hal_msp.c ****     /**USART1 GPIO Configuration
 335              		.loc 1 164 5 view .LVU76
 336 0038 9B69     		ldr	r3, [r3, #24]
 337 003a 03F00403 		and	r3, r3, #4
 338 003e 0193     		str	r3, [sp, #4]
 164:Core/Src/stm32f1xx_hal_msp.c ****     /**USART1 GPIO Configuration
 339              		.loc 1 164 5 view .LVU77
 340 0040 019B     		ldr	r3, [sp, #4]
 341              	.LBE8:
 164:Core/Src/stm32f1xx_hal_msp.c ****     /**USART1 GPIO Configuration
 342              		.loc 1 164 5 view .LVU78
 169:Core/Src/stm32f1xx_hal_msp.c ****     GPIO_InitStruct.Mode = GPIO_MODE_AF_PP;
 343              		.loc 1 169 5 view .LVU79
 169:Core/Src/stm32f1xx_hal_msp.c ****     GPIO_InitStruct.Mode = GPIO_MODE_AF_PP;
 344              		.loc 1 169 25 is_stmt 0 view .LVU80
 345 0042 4FF40073 		mov	r3, #512
 346 0046 0293     		str	r3, [sp, #8]
 170:Core/Src/stm32f1xx_hal_msp.c ****     GPIO_InitStruct.Speed = GPIO_SPEED_FREQ_HIGH;
 347              		.loc 1 170 5 is_stmt 1 view .LVU81
 170:Core/Src/stm32f1xx_hal_msp.c ****     GPIO_InitStruct.Speed = GPIO_SPEED_FREQ_HIGH;
 348              		.loc 1 170 26 is_stmt 0 view .LVU82
 349 0048 0223     		movs	r3, #2
 350 004a 0393     		str	r3, [sp, #12]
 171:Core/Src/stm32f1xx_hal_msp.c ****     HAL_GPIO_Init(GPIOA, &GPIO_InitStruct);
 351              		.loc 1 171 5 is_stmt 1 view .LVU83
 171:Core/Src/stm32f1xx_hal_msp.c ****     HAL_GPIO_Init(GPIOA, &GPIO_InitStruct);
ARM GAS  /var/folders/0g/t37nqzqx51l7sfxbqc44l9hw0000gn/T//cc9srYd1.s 			page 11


 352              		.loc 1 171 27 is_stmt 0 view .LVU84
 353 004c 0323     		movs	r3, #3
 354 004e 0593     		str	r3, [sp, #20]
 172:Core/Src/stm32f1xx_hal_msp.c **** 
 355              		.loc 1 172 5 is_stmt 1 view .LVU85
 356 0050 02AD     		add	r5, sp, #8
 357 0052 094C     		ldr	r4, .L21+4
 358 0054 2946     		mov	r1, r5
 359 0056 2046     		mov	r0, r4
 360              	.LVL16:
 172:Core/Src/stm32f1xx_hal_msp.c **** 
 361              		.loc 1 172 5 is_stmt 0 view .LVU86
 362 0058 FFF7FEFF 		bl	HAL_GPIO_Init
 363              	.LVL17:
 174:Core/Src/stm32f1xx_hal_msp.c ****     GPIO_InitStruct.Mode = GPIO_MODE_INPUT;
 364              		.loc 1 174 5 is_stmt 1 view .LVU87
 174:Core/Src/stm32f1xx_hal_msp.c ****     GPIO_InitStruct.Mode = GPIO_MODE_INPUT;
 365              		.loc 1 174 25 is_stmt 0 view .LVU88
 366 005c 4FF48063 		mov	r3, #1024
 367 0060 0293     		str	r3, [sp, #8]
 175:Core/Src/stm32f1xx_hal_msp.c ****     GPIO_InitStruct.Pull = GPIO_NOPULL;
 368              		.loc 1 175 5 is_stmt 1 view .LVU89
 175:Core/Src/stm32f1xx_hal_msp.c ****     GPIO_InitStruct.Pull = GPIO_NOPULL;
 369              		.loc 1 175 26 is_stmt 0 view .LVU90
 370 0062 0023     		movs	r3, #0
 371 0064 0393     		str	r3, [sp, #12]
 176:Core/Src/stm32f1xx_hal_msp.c ****     HAL_GPIO_Init(GPIOA, &GPIO_InitStruct);
 372              		.loc 1 176 5 is_stmt 1 view .LVU91
 176:Core/Src/stm32f1xx_hal_msp.c ****     HAL_GPIO_Init(GPIOA, &GPIO_InitStruct);
 373              		.loc 1 176 26 is_stmt 0 view .LVU92
 374 0066 0493     		str	r3, [sp, #16]
 177:Core/Src/stm32f1xx_hal_msp.c **** 
 375              		.loc 1 177 5 is_stmt 1 view .LVU93
 376 0068 2946     		mov	r1, r5
 377 006a 2046     		mov	r0, r4
 378 006c FFF7FEFF 		bl	HAL_GPIO_Init
 379              	.LVL18:
 380              		.loc 1 185 1 is_stmt 0 view .LVU94
 381 0070 D1E7     		b	.L17
 382              	.L22:
 383 0072 00BF     		.align	2
 384              	.L21:
 385 0074 00380140 		.word	1073821696
 386 0078 00080140 		.word	1073809408
 387              		.cfi_endproc
 388              	.LFE68:
 390              		.section	.text.HAL_UART_MspDeInit,"ax",%progbits
 391              		.align	1
 392              		.global	HAL_UART_MspDeInit
 393              		.syntax unified
 394              		.thumb
 395              		.thumb_func
 397              	HAL_UART_MspDeInit:
 398              	.LVL19:
 399              	.LFB69:
 186:Core/Src/stm32f1xx_hal_msp.c **** 
 187:Core/Src/stm32f1xx_hal_msp.c **** /**
ARM GAS  /var/folders/0g/t37nqzqx51l7sfxbqc44l9hw0000gn/T//cc9srYd1.s 			page 12


 188:Core/Src/stm32f1xx_hal_msp.c ****   * @brief UART MSP De-Initialization
 189:Core/Src/stm32f1xx_hal_msp.c ****   * This function freeze the hardware resources used in this example
 190:Core/Src/stm32f1xx_hal_msp.c ****   * @param huart: UART handle pointer
 191:Core/Src/stm32f1xx_hal_msp.c ****   * @retval None
 192:Core/Src/stm32f1xx_hal_msp.c ****   */
 193:Core/Src/stm32f1xx_hal_msp.c **** void HAL_UART_MspDeInit(UART_HandleTypeDef* huart)
 194:Core/Src/stm32f1xx_hal_msp.c **** {
 400              		.loc 1 194 1 is_stmt 1 view -0
 401              		.cfi_startproc
 402              		@ args = 0, pretend = 0, frame = 0
 403              		@ frame_needed = 0, uses_anonymous_args = 0
 404              		.loc 1 194 1 is_stmt 0 view .LVU96
 405 0000 08B5     		push	{r3, lr}
 406              	.LCFI11:
 407              		.cfi_def_cfa_offset 8
 408              		.cfi_offset 3, -8
 409              		.cfi_offset 14, -4
 195:Core/Src/stm32f1xx_hal_msp.c ****   if(huart->Instance==USART1)
 410              		.loc 1 195 3 is_stmt 1 view .LVU97
 411              		.loc 1 195 11 is_stmt 0 view .LVU98
 412 0002 0268     		ldr	r2, [r0]
 413              		.loc 1 195 5 view .LVU99
 414 0004 074B     		ldr	r3, .L27
 415 0006 9A42     		cmp	r2, r3
 416 0008 00D0     		beq	.L26
 417              	.LVL20:
 418              	.L23:
 196:Core/Src/stm32f1xx_hal_msp.c ****   {
 197:Core/Src/stm32f1xx_hal_msp.c ****     /* USER CODE BEGIN USART1_MspDeInit 0 */
 198:Core/Src/stm32f1xx_hal_msp.c **** 
 199:Core/Src/stm32f1xx_hal_msp.c ****     /* USER CODE END USART1_MspDeInit 0 */
 200:Core/Src/stm32f1xx_hal_msp.c ****     /* Peripheral clock disable */
 201:Core/Src/stm32f1xx_hal_msp.c ****     __HAL_RCC_USART1_CLK_DISABLE();
 202:Core/Src/stm32f1xx_hal_msp.c **** 
 203:Core/Src/stm32f1xx_hal_msp.c ****     /**USART1 GPIO Configuration
 204:Core/Src/stm32f1xx_hal_msp.c ****     PA9     ------> USART1_TX
 205:Core/Src/stm32f1xx_hal_msp.c ****     PA10     ------> USART1_RX
 206:Core/Src/stm32f1xx_hal_msp.c ****     */
 207:Core/Src/stm32f1xx_hal_msp.c ****     HAL_GPIO_DeInit(GPIOA, GPIO_PIN_9|GPIO_PIN_10);
 208:Core/Src/stm32f1xx_hal_msp.c **** 
 209:Core/Src/stm32f1xx_hal_msp.c ****     /* USER CODE BEGIN USART1_MspDeInit 1 */
 210:Core/Src/stm32f1xx_hal_msp.c **** 
 211:Core/Src/stm32f1xx_hal_msp.c ****     /* USER CODE END USART1_MspDeInit 1 */
 212:Core/Src/stm32f1xx_hal_msp.c ****   }
 213:Core/Src/stm32f1xx_hal_msp.c **** 
 214:Core/Src/stm32f1xx_hal_msp.c **** }
 419              		.loc 1 214 1 view .LVU100
 420 000a 08BD     		pop	{r3, pc}
 421              	.LVL21:
 422              	.L26:
 201:Core/Src/stm32f1xx_hal_msp.c **** 
 423              		.loc 1 201 5 is_stmt 1 view .LVU101
 424 000c 064A     		ldr	r2, .L27+4
 425 000e 9369     		ldr	r3, [r2, #24]
 426 0010 23F48043 		bic	r3, r3, #16384
 427 0014 9361     		str	r3, [r2, #24]
 207:Core/Src/stm32f1xx_hal_msp.c **** 
ARM GAS  /var/folders/0g/t37nqzqx51l7sfxbqc44l9hw0000gn/T//cc9srYd1.s 			page 13


 428              		.loc 1 207 5 view .LVU102
 429 0016 4FF4C061 		mov	r1, #1536
 430 001a 0448     		ldr	r0, .L27+8
 431              	.LVL22:
 207:Core/Src/stm32f1xx_hal_msp.c **** 
 432              		.loc 1 207 5 is_stmt 0 view .LVU103
 433 001c FFF7FEFF 		bl	HAL_GPIO_DeInit
 434              	.LVL23:
 435              		.loc 1 214 1 view .LVU104
 436 0020 F3E7     		b	.L23
 437              	.L28:
 438 0022 00BF     		.align	2
 439              	.L27:
 440 0024 00380140 		.word	1073821696
 441 0028 00100240 		.word	1073876992
 442 002c 00080140 		.word	1073809408
 443              		.cfi_endproc
 444              	.LFE69:
 446              		.text
 447              	.Letext0:
 448              		.file 2 "/Applications/ArmGNUToolchain/14.3.rel1/arm-none-eabi/arm-none-eabi/include/machine/_defa
 449              		.file 3 "/Applications/ArmGNUToolchain/14.3.rel1/arm-none-eabi/arm-none-eabi/include/sys/_stdint.h
 450              		.file 4 "Drivers/CMSIS/Device/ST/STM32F1xx/Include/stm32f103xb.h"
 451              		.file 5 "Drivers/STM32F1xx_HAL_Driver/Inc/stm32f1xx_hal_def.h"
 452              		.file 6 "Drivers/STM32F1xx_HAL_Driver/Inc/stm32f1xx_hal_gpio.h"
 453              		.file 7 "Drivers/STM32F1xx_HAL_Driver/Inc/stm32f1xx_hal_dma.h"
 454              		.file 8 "Drivers/STM32F1xx_HAL_Driver/Inc/stm32f1xx_hal_spi.h"
 455              		.file 9 "Drivers/STM32F1xx_HAL_Driver/Inc/stm32f1xx_hal_uart.h"
ARM GAS  /var/folders/0g/t37nqzqx51l7sfxbqc44l9hw0000gn/T//cc9srYd1.s 			page 14


DEFINED SYMBOLS
                            *ABS*:00000000 stm32f1xx_hal_msp.c
/var/folders/0g/t37nqzqx51l7sfxbqc44l9hw0000gn/T//cc9srYd1.s:19     .text.HAL_MspInit:00000000 $t
/var/folders/0g/t37nqzqx51l7sfxbqc44l9hw0000gn/T//cc9srYd1.s:25     .text.HAL_MspInit:00000000 HAL_MspInit
/var/folders/0g/t37nqzqx51l7sfxbqc44l9hw0000gn/T//cc9srYd1.s:91     .text.HAL_MspInit:0000003c $d
/var/folders/0g/t37nqzqx51l7sfxbqc44l9hw0000gn/T//cc9srYd1.s:97     .text.HAL_SPI_MspInit:00000000 $t
/var/folders/0g/t37nqzqx51l7sfxbqc44l9hw0000gn/T//cc9srYd1.s:103    .text.HAL_SPI_MspInit:00000000 HAL_SPI_MspInit
/var/folders/0g/t37nqzqx51l7sfxbqc44l9hw0000gn/T//cc9srYd1.s:200    .text.HAL_SPI_MspInit:0000005c $d
/var/folders/0g/t37nqzqx51l7sfxbqc44l9hw0000gn/T//cc9srYd1.s:206    .text.HAL_SPI_MspDeInit:00000000 $t
/var/folders/0g/t37nqzqx51l7sfxbqc44l9hw0000gn/T//cc9srYd1.s:212    .text.HAL_SPI_MspDeInit:00000000 HAL_SPI_MspDeInit
/var/folders/0g/t37nqzqx51l7sfxbqc44l9hw0000gn/T//cc9srYd1.s:255    .text.HAL_SPI_MspDeInit:00000020 $d
/var/folders/0g/t37nqzqx51l7sfxbqc44l9hw0000gn/T//cc9srYd1.s:262    .text.HAL_UART_MspInit:00000000 $t
/var/folders/0g/t37nqzqx51l7sfxbqc44l9hw0000gn/T//cc9srYd1.s:268    .text.HAL_UART_MspInit:00000000 HAL_UART_MspInit
/var/folders/0g/t37nqzqx51l7sfxbqc44l9hw0000gn/T//cc9srYd1.s:385    .text.HAL_UART_MspInit:00000074 $d
/var/folders/0g/t37nqzqx51l7sfxbqc44l9hw0000gn/T//cc9srYd1.s:391    .text.HAL_UART_MspDeInit:00000000 $t
/var/folders/0g/t37nqzqx51l7sfxbqc44l9hw0000gn/T//cc9srYd1.s:397    .text.HAL_UART_MspDeInit:00000000 HAL_UART_MspDeInit
/var/folders/0g/t37nqzqx51l7sfxbqc44l9hw0000gn/T//cc9srYd1.s:440    .text.HAL_UART_MspDeInit:00000024 $d

UNDEFINED SYMBOLS
HAL_GPIO_Init
HAL_GPIO_DeInit
